// Jest Snapshot v1, https://goo.gl/fbAQLP

exports[`Dashboard snapshot 1`] = `
<DocumentFragment>
  <h1>
    Dashboard
  </h1>
</DocumentFragment>
`;
